cloud-tasks-90 narrow actual=640x520 Hrange=0
cloud-tasks-90 wide actual=1000x640 Hrange=0
cloud-tasks-90 reversed actual=640x520 Hrange=0
cloud-pipeline-90 narrow actual=640x520 Hrange=0
cloud-pipeline-90 wide actual=1000x640 Hrange=0
cloud-pipeline-90 reversed actual=640x520 Hrange=0
cloud-projects-90 narrow actual=640x520 Hrange=0
cloud-projects-90 wide actual=1000x640 Hrange=0
cloud-projects-90 reversed actual=640x520 Hrange=0
cloud-banner-90 narrow actual=640x520 Hrange=0
cloud-banner-90 wide actual=1000x640 Hrange=0
cloud-banner-90 reversed actual=640x520 Hrange=0
cloud-gameplay-90 narrow actual=640x520 Hrange=0
cloud-gameplay-90 wide actual=1000x640 Hrange=0
cloud-gameplay-90 reversed actual=640x520 Hrange=0
cloud-professions-90 narrow actual=640x520 Hrange=0
cloud-professions-90 wide actual=1000x640 Hrange=0
cloud-professions-90 reversed actual=640x520 Hrange=0
cloud-skills-90 narrow actual=640x520 Hrange=0
cloud-skills-90 wide actual=1000x640 Hrange=0
cloud-skills-90 reversed actual=640x520 Hrange=0
cloud-missing-90 narrow actual=640x520 Hrange=0
cloud-missing-90 wide actual=1000x640 Hrange=0
cloud-missing-90 reversed actual=640x520 Hrange=0
storage-90 narrow actual=640x520 Hrange=0
storage-90 wide actual=1000x640 Hrange=0
storage-90 reversed actual=640x520 Hrange=0
wallet-0-90 narrow actual=640x520 Hrange=0
wallet-0-90 wide actual=1000x640 Hrange=0
wallet-0-90 reversed actual=640x520 Hrange=0
wallet-0-90 error actual=640x520 Hrange=0
wallet-0-90 maximum amount actual=640x520 Hrange=0
wallet-0-90 draft wide actual=1000x640 Hrange=0
wallet-0-90 draft actual=640x520 Hrange=0
wallet-1-90 narrow actual=640x520 Hrange=0
wallet-1-90 wide actual=1000x640 Hrange=0
wallet-1-90 reversed actual=640x520 Hrange=0
wallet-1-90 error actual=640x520 Hrange=0
wallet-1-90 overbalance actual=640x520 Hrange=0
wallet-1-90 draft wide actual=1000x640 Hrange=0
wallet-1-90 draft actual=640x520 Hrange=0
wallet-history-empty-90 narrow actual=640x520 Hrange=0
wallet-history-empty-90 wide actual=1000x640 Hrange=0
wallet-history-empty-90 reversed actual=640x520 Hrange=0
wallet-history-populated-90 narrow actual=640x520 Hrange=0
wallet-history-populated-90 wide actual=1000x640 Hrange=0
wallet-history-populated-90 reversed actual=640x520 Hrange=0
shortcut-90 narrow actual=640x520 Hrange=0
shortcut-90 wide actual=1000x640 Hrange=0
shortcut-90 reversed actual=640x520 Hrange=0
shortcut-90 error actual=640x520 Hrange=0
shortcut-90 draft wide actual=1000x640 Hrange=0
shortcut-90 draft actual=640x520 Hrange=0
shortcut-help-90 narrow actual=640x520 Hrange=0
shortcut-help-90 wide actual=1000x640 Hrange=0
shortcut-help-90 reversed actual=640x520 Hrange=0
cloud-tasks-100 narrow actual=640x520 Hrange=0
cloud-tasks-100 wide actual=1000x640 Hrange=0
cloud-tasks-100 reversed actual=640x520 Hrange=0
cloud-pipeline-100 narrow actual=640x520 Hrange=0
cloud-pipeline-100 wide actual=1000x640 Hrange=0
cloud-pipeline-100 reversed actual=640x520 Hrange=0
cloud-projects-100 narrow actual=640x520 Hrange=0
cloud-projects-100 wide actual=1000x640 Hrange=0
cloud-projects-100 reversed actual=640x520 Hrange=0
cloud-banner-100 narrow actual=640x520 Hrange=0
cloud-banner-100 wide actual=1000x640 Hrange=0
cloud-banner-100 reversed actual=640x520 Hrange=0
cloud-gameplay-100 narrow actual=640x520 Hrange=0
cloud-gameplay-100 wide actual=1000x640 Hrange=0
cloud-gameplay-100 reversed actual=640x520 Hrange=0
cloud-professions-100 narrow actual=640x520 Hrange=0
cloud-professions-100 wide actual=1000x640 Hrange=0
cloud-professions-100 reversed actual=640x520 Hrange=0
cloud-skills-100 narrow actual=640x520 Hrange=0
cloud-skills-100 wide actual=1000x640 Hrange=0
cloud-skills-100 reversed actual=640x520 Hrange=0
cloud-missing-100 narrow actual=640x520 Hrange=0
cloud-missing-100 wide actual=1000x640 Hrange=0
cloud-missing-100 reversed actual=640x520 Hrange=0
storage-100 narrow actual=640x520 Hrange=0
storage-100 wide actual=1000x640 Hrange=0
storage-100 reversed actual=640x520 Hrange=0
wallet-0-100 narrow actual=640x520 Hrange=0
wallet-0-100 wide actual=1000x640 Hrange=0
wallet-0-100 reversed actual=640x520 Hrange=0
wallet-0-100 error actual=640x520 Hrange=0
wallet-0-100 maximum amount actual=640x520 Hrange=0
wallet-0-100 draft wide actual=1000x640 Hrange=0
wallet-0-100 draft actual=640x520 Hrange=0
wallet-1-100 narrow actual=640x520 Hrange=0
wallet-1-100 wide actual=1000x640 Hrange=0
wallet-1-100 reversed actual=640x520 Hrange=0
wallet-1-100 error actual=640x520 Hrange=0
wallet-1-100 overbalance actual=640x520 Hrange=0
wallet-1-100 draft wide actual=1000x640 Hrange=0
wallet-1-100 draft actual=640x520 Hrange=0
wallet-history-empty-100 narrow actual=640x520 Hrange=0
wallet-history-empty-100 wide actual=1000x640 Hrange=0
wallet-history-empty-100 reversed actual=640x520 Hrange=0
wallet-history-populated-100 narrow actual=640x520 Hrange=0
wallet-history-populated-100 wide actual=1000x640 Hrange=0
wallet-history-populated-100 reversed actual=640x520 Hrange=0
shortcut-100 narrow actual=640x520 Hrange=0
shortcut-100 wide actual=1000x640 Hrange=0
shortcut-100 reversed actual=640x520 Hrange=0
shortcut-100 error actual=640x520 Hrange=0
shortcut-100 draft wide actual=1000x640 Hrange=0
shortcut-100 draft actual=640x520 Hrange=0
shortcut-help-100 narrow actual=640x520 Hrange=0
shortcut-help-100 wide actual=1000x640 Hrange=0
shortcut-help-100 reversed actual=640x520 Hrange=0
cloud-invalid-100 narrow actual=640x520 Hrange=0
cloud-invalid-100 wide actual=1000x640 Hrange=0
cloud-invalid-100 reversed actual=640x520 Hrange=0
storage-invalid-100 narrow actual=640x520 Hrange=0
storage-invalid-100 wide actual=1000x640 Hrange=0
storage-invalid-100 reversed actual=640x520 Hrange=0
cloud-tasks-110 narrow actual=640x520 Hrange=0
cloud-tasks-110 wide actual=1000x640 Hrange=0
cloud-tasks-110 reversed actual=640x520 Hrange=0
cloud-pipeline-110 narrow actual=640x520 Hrange=0
cloud-pipeline-110 wide actual=1000x640 Hrange=0
cloud-pipeline-110 reversed actual=640x520 Hrange=0
cloud-projects-110 narrow actual=640x520 Hrange=0
cloud-projects-110 wide actual=1000x640 Hrange=0
cloud-projects-110 reversed actual=640x520 Hrange=0
cloud-banner-110 narrow actual=640x520 Hrange=0
cloud-banner-110 wide actual=1000x640 Hrange=0
cloud-banner-110 reversed actual=640x520 Hrange=0
cloud-gameplay-110 narrow actual=640x520 Hrange=0
cloud-gameplay-110 wide actual=1000x640 Hrange=0
cloud-gameplay-110 reversed actual=640x520 Hrange=0
cloud-professions-110 narrow actual=640x520 Hrange=0
cloud-professions-110 wide actual=1000x640 Hrange=0
cloud-professions-110 reversed actual=640x520 Hrange=0
cloud-skills-110 narrow actual=640x520 Hrange=0
cloud-skills-110 wide actual=1000x640 Hrange=0
cloud-skills-110 reversed actual=640x520 Hrange=0
cloud-missing-110 narrow actual=640x520 Hrange=0
cloud-missing-110 wide actual=1000x640 Hrange=0
cloud-missing-110 reversed actual=640x520 Hrange=0
storage-110 narrow actual=640x520 Hrange=0
storage-110 wide actual=1000x640 Hrange=0
storage-110 reversed actual=640x520 Hrange=0
wallet-0-110 narrow actual=640x520 Hrange=0
wallet-0-110 wide actual=1000x640 Hrange=0
wallet-0-110 reversed actual=640x520 Hrange=0
wallet-0-110 error actual=640x520 Hrange=0
wallet-0-110 maximum amount actual=640x520 Hrange=0
wallet-0-110 draft wide actual=1000x640 Hrange=0
wallet-0-110 draft actual=640x520 Hrange=0
wallet-1-110 narrow actual=640x520 Hrange=0
wallet-1-110 wide actual=1000x640 Hrange=0
wallet-1-110 reversed actual=640x520 Hrange=0
wallet-1-110 error actual=640x520 Hrange=0
wallet-1-110 overbalance actual=640x520 Hrange=0
wallet-1-110 draft wide actual=1000x640 Hrange=0
wallet-1-110 draft actual=640x520 Hrange=0
wallet-history-empty-110 narrow actual=640x520 Hrange=0
wallet-history-empty-110 wide actual=1000x640 Hrange=0
wallet-history-empty-110 reversed actual=640x520 Hrange=0
wallet-history-populated-110 narrow actual=640x520 Hrange=0
wallet-history-populated-110 wide actual=1000x640 Hrange=0
wallet-history-populated-110 reversed actual=640x520 Hrange=0
shortcut-110 narrow actual=640x520 Hrange=0
shortcut-110 wide actual=1000x640 Hrange=0
shortcut-110 reversed actual=640x520 Hrange=0
shortcut-110 error actual=640x520 Hrange=0
shortcut-110 draft wide actual=1000x640 Hrange=0
shortcut-110 draft actual=640x520 Hrange=0
shortcut-help-110 narrow actual=640x520 Hrange=0
shortcut-help-110 wide actual=1000x640 Hrange=0
shortcut-help-110 reversed actual=640x520 Hrange=0
cloud-tasks-125 narrow actual=640x520 Hrange=0
cloud-tasks-125 wide actual=1000x640 Hrange=0
cloud-tasks-125 reversed actual=640x520 Hrange=0
cloud-pipeline-125 narrow actual=640x520 Hrange=0
cloud-pipeline-125 wide actual=1000x640 Hrange=0
cloud-pipeline-125 reversed actual=640x520 Hrange=0
cloud-projects-125 narrow actual=640x520 Hrange=0
cloud-projects-125 wide actual=1000x640 Hrange=0
cloud-projects-125 reversed actual=640x520 Hrange=0
cloud-banner-125 narrow actual=640x520 Hrange=0
cloud-banner-125 wide actual=1000x640 Hrange=0
cloud-banner-125 reversed actual=640x520 Hrange=0
cloud-gameplay-125 narrow actual=640x520 Hrange=0
cloud-gameplay-125 wide actual=1000x640 Hrange=0
cloud-gameplay-125 reversed actual=640x520 Hrange=0
cloud-professions-125 narrow actual=640x520 Hrange=0
cloud-professions-125 wide actual=1000x640 Hrange=0
cloud-professions-125 reversed actual=640x520 Hrange=0
cloud-skills-125 narrow actual=640x520 Hrange=0
cloud-skills-125 wide actual=1000x640 Hrange=0
cloud-skills-125 reversed actual=640x520 Hrange=0
cloud-missing-125 narrow actual=640x520 Hrange=0
cloud-missing-125 wide actual=1000x640 Hrange=0
cloud-missing-125 reversed actual=640x520 Hrange=0
storage-125 narrow actual=640x520 Hrange=0
storage-125 wide actual=1000x640 Hrange=0
storage-125 reversed actual=640x520 Hrange=0
wallet-0-125 narrow actual=640x520 Hrange=0
wallet-0-125 wide actual=1000x640 Hrange=0
wallet-0-125 reversed actual=640x520 Hrange=0
wallet-0-125 error actual=640x520 Hrange=0
wallet-0-125 maximum amount actual=640x520 Hrange=0
wallet-0-125 draft wide actual=1000x640 Hrange=0
wallet-0-125 draft actual=640x520 Hrange=0
wallet-1-125 narrow actual=640x520 Hrange=0
wallet-1-125 wide actual=1000x640 Hrange=0
wallet-1-125 reversed actual=640x520 Hrange=0
wallet-1-125 error actual=640x520 Hrange=0
wallet-1-125 overbalance actual=640x520 Hrange=0
wallet-1-125 draft wide actual=1000x640 Hrange=0
wallet-1-125 draft actual=640x520 Hrange=0
wallet-history-empty-125 narrow actual=640x520 Hrange=0
wallet-history-empty-125 wide actual=1000x640 Hrange=0
wallet-history-empty-125 reversed actual=640x520 Hrange=0
wallet-history-populated-125 narrow actual=640x520 Hrange=0
wallet-history-populated-125 wide actual=1000x640 Hrange=0
wallet-history-populated-125 reversed actual=640x520 Hrange=0
shortcut-125 narrow actual=640x520 Hrange=0
shortcut-125 wide actual=1000x640 Hrange=0
shortcut-125 reversed actual=640x520 Hrange=0
shortcut-125 error actual=640x520 Hrange=0
shortcut-125 draft wide actual=1000x640 Hrange=0
shortcut-125 draft actual=640x520 Hrange=0
shortcut-help-125 narrow actual=640x520 Hrange=0
shortcut-help-125 wide actual=1000x640 Hrange=0
shortcut-help-125 reversed actual=640x520 Hrange=0
cloud-tasks-150 narrow actual=640x520 Hrange=0
cloud-tasks-150 wide actual=1000x640 Hrange=0
cloud-tasks-150 reversed actual=640x520 Hrange=0
cloud-pipeline-150 narrow actual=640x520 Hrange=0
cloud-pipeline-150 wide actual=1000x640 Hrange=0
cloud-pipeline-150 reversed actual=640x520 Hrange=0
cloud-projects-150 narrow actual=640x520 Hrange=0
cloud-projects-150 wide actual=1000x640 Hrange=0
cloud-projects-150 reversed actual=640x520 Hrange=0
cloud-banner-150 narrow actual=640x520 Hrange=0
cloud-banner-150 wide actual=1000x640 Hrange=0
cloud-banner-150 reversed actual=640x520 Hrange=0
cloud-gameplay-150 narrow actual=640x520 Hrange=0
cloud-gameplay-150 wide actual=1000x640 Hrange=0
cloud-gameplay-150 reversed actual=640x520 Hrange=0
cloud-professions-150 narrow actual=640x520 Hrange=0
cloud-professions-150 wide actual=1000x640 Hrange=0
cloud-professions-150 reversed actual=640x520 Hrange=0
cloud-skills-150 narrow actual=640x520 Hrange=0
cloud-skills-150 wide actual=1000x640 Hrange=0
cloud-skills-150 reversed actual=640x520 Hrange=0
cloud-missing-150 narrow actual=640x520 Hrange=0
cloud-missing-150 wide actual=1000x640 Hrange=0
cloud-missing-150 reversed actual=640x520 Hrange=0
storage-150 narrow actual=640x520 Hrange=0
storage-150 wide actual=1000x640 Hrange=0
storage-150 reversed actual=640x520 Hrange=0
wallet-0-150 narrow actual=640x520 Hrange=0
wallet-0-150 wide actual=1000x640 Hrange=0
wallet-0-150 reversed actual=640x520 Hrange=0
wallet-0-150 error actual=640x520 Hrange=0
wallet-0-150 maximum amount actual=640x520 Hrange=0
wallet-0-150 draft wide actual=1000x640 Hrange=0
wallet-0-150 draft actual=640x520 Hrange=0
wallet-1-150 narrow actual=640x520 Hrange=0
wallet-1-150 wide actual=1000x640 Hrange=0
wallet-1-150 reversed actual=640x520 Hrange=0
wallet-1-150 error actual=640x520 Hrange=0
wallet-1-150 overbalance actual=640x520 Hrange=0
wallet-1-150 draft wide actual=1000x640 Hrange=0
wallet-1-150 draft actual=640x520 Hrange=0
wallet-history-empty-150 narrow actual=640x520 Hrange=0
wallet-history-empty-150 wide actual=1000x640 Hrange=0
wallet-history-empty-150 reversed actual=640x520 Hrange=0
wallet-history-populated-150 narrow actual=640x520 Hrange=0
wallet-history-populated-150 wide actual=1000x640 Hrange=0
wallet-history-populated-150 reversed actual=640x520 Hrange=0
shortcut-150 narrow actual=640x520 Hrange=0
shortcut-150 wide actual=1000x640 Hrange=0
shortcut-150 reversed actual=640x520 Hrange=0
shortcut-150 error actual=640x520 Hrange=0
shortcut-150 draft wide actual=1000x640 Hrange=0
shortcut-150 draft actual=640x520 Hrange=0
shortcut-help-150 narrow actual=640x520 Hrange=0
shortcut-help-150 wide actual=1000x640 Hrange=0
shortcut-help-150 reversed actual=640x520 Hrange=0
cloud-tasks-175 narrow actual=640x520 Hrange=0
cloud-tasks-175 wide actual=1000x640 Hrange=0
cloud-tasks-175 reversed actual=640x520 Hrange=0
cloud-pipeline-175 narrow actual=640x520 Hrange=0
cloud-pipeline-175 wide actual=1000x640 Hrange=0
cloud-pipeline-175 reversed actual=640x520 Hrange=0
cloud-projects-175 narrow actual=640x520 Hrange=0
cloud-projects-175 wide actual=1000x640 Hrange=0
cloud-projects-175 reversed actual=640x520 Hrange=0
cloud-banner-175 narrow actual=640x520 Hrange=0
cloud-banner-175 wide actual=1000x640 Hrange=0
cloud-banner-175 reversed actual=640x520 Hrange=0
cloud-gameplay-175 narrow actual=640x520 Hrange=0
cloud-gameplay-175 wide actual=1000x640 Hrange=0
cloud-gameplay-175 reversed actual=640x520 Hrange=0
cloud-professions-175 narrow actual=640x520 Hrange=0
cloud-professions-175 wide actual=1000x640 Hrange=0
cloud-professions-175 reversed actual=640x520 Hrange=0
cloud-skills-175 narrow actual=640x520 Hrange=0
cloud-skills-175 wide actual=1000x640 Hrange=0
cloud-skills-175 reversed actual=640x520 Hrange=0
cloud-missing-175 narrow actual=640x520 Hrange=0
cloud-missing-175 wide actual=1000x640 Hrange=0
cloud-missing-175 reversed actual=640x520 Hrange=0
storage-175 narrow actual=640x520 Hrange=0
storage-175 wide actual=1000x640 Hrange=0
storage-175 reversed actual=640x520 Hrange=0
wallet-0-175 narrow actual=640x520 Hrange=0
wallet-0-175 wide actual=1000x640 Hrange=0
wallet-0-175 reversed actual=640x520 Hrange=0
wallet-0-175 error actual=640x520 Hrange=0
wallet-0-175 maximum amount actual=640x520 Hrange=0
wallet-0-175 draft wide actual=1000x640 Hrange=0
wallet-0-175 draft actual=640x520 Hrange=0
wallet-1-175 narrow actual=640x520 Hrange=0
wallet-1-175 wide actual=1000x640 Hrange=0
wallet-1-175 reversed actual=640x520 Hrange=0
wallet-1-175 error actual=640x520 Hrange=0
wallet-1-175 overbalance actual=640x520 Hrange=0
wallet-1-175 draft wide actual=1000x640 Hrange=0
wallet-1-175 draft actual=640x520 Hrange=0
wallet-history-empty-175 narrow actual=640x520 Hrange=0
wallet-history-empty-175 wide actual=1000x640 Hrange=0
wallet-history-empty-175 reversed actual=640x520 Hrange=0
wallet-history-populated-175 narrow actual=640x520 Hrange=0
wallet-history-populated-175 wide actual=1000x640 Hrange=0
wallet-history-populated-175 reversed actual=640x520 Hrange=0
shortcut-175 narrow actual=640x520 Hrange=0
shortcut-175 wide actual=1000x640 Hrange=0
shortcut-175 reversed actual=640x520 Hrange=0
shortcut-175 error actual=640x520 Hrange=0
shortcut-175 draft wide actual=1000x640 Hrange=0
shortcut-175 draft actual=640x520 Hrange=0
shortcut-help-175 narrow actual=640x520 Hrange=0
shortcut-help-175 wide actual=1000x640 Hrange=0
shortcut-help-175 reversed actual=640x520 Hrange=0
cloud-tasks-200 narrow actual=640x520 Hrange=0
cloud-tasks-200 wide actual=1000x640 Hrange=0
cloud-tasks-200 reversed actual=640x520 Hrange=0
cloud-pipeline-200 narrow actual=640x520 Hrange=0
cloud-pipeline-200 wide actual=1000x640 Hrange=0
cloud-pipeline-200 reversed actual=640x520 Hrange=0
cloud-projects-200 narrow actual=640x520 Hrange=0
cloud-projects-200 wide actual=1000x640 Hrange=0
cloud-projects-200 reversed actual=640x520 Hrange=0
cloud-banner-200 narrow actual=640x520 Hrange=0
cloud-banner-200 wide actual=1000x640 Hrange=0
cloud-banner-200 reversed actual=640x520 Hrange=0
cloud-gameplay-200 narrow actual=640x520 Hrange=0
cloud-gameplay-200 wide actual=1000x640 Hrange=0
cloud-gameplay-200 reversed actual=640x520 Hrange=0
cloud-professions-200 narrow actual=640x520 Hrange=0
cloud-professions-200 wide actual=1000x640 Hrange=0
cloud-professions-200 reversed actual=640x520 Hrange=0
cloud-skills-200 narrow actual=640x520 Hrange=0
cloud-skills-200 wide actual=1000x640 Hrange=0
cloud-skills-200 reversed actual=640x520 Hrange=0
cloud-missing-200 narrow actual=640x520 Hrange=0
cloud-missing-200 wide actual=1000x640 Hrange=0
cloud-missing-200 reversed actual=640x520 Hrange=0
storage-200 narrow actual=640x520 Hrange=0
storage-200 wide actual=1000x640 Hrange=0
storage-200 reversed actual=640x520 Hrange=0
wallet-0-200 narrow actual=640x520 Hrange=0
wallet-0-200 wide actual=1000x640 Hrange=0
wallet-0-200 reversed actual=640x520 Hrange=0
wallet-0-200 error actual=640x520 Hrange=0
wallet-0-200 maximum amount actual=640x520 Hrange=0
wallet-0-200 draft wide actual=1000x640 Hrange=0
wallet-0-200 draft actual=640x520 Hrange=0
wallet-1-200 narrow actual=640x520 Hrange=0
wallet-1-200 wide actual=1000x640 Hrange=0
wallet-1-200 reversed actual=640x520 Hrange=0
wallet-1-200 error actual=640x520 Hrange=0
wallet-1-200 overbalance actual=640x520 Hrange=0
wallet-1-200 draft wide actual=1000x640 Hrange=0
wallet-1-200 draft actual=640x520 Hrange=0
wallet-history-empty-200 narrow actual=640x520 Hrange=0
wallet-history-empty-200 wide actual=1000x640 Hrange=0
wallet-history-empty-200 reversed actual=640x520 Hrange=0
wallet-history-populated-200 narrow actual=640x520 Hrange=0
wallet-history-populated-200 wide actual=1000x640 Hrange=0
wallet-history-populated-200 reversed actual=640x520 Hrange=0
shortcut-200 narrow actual=640x520 Hrange=0
shortcut-200 wide actual=1000x640 Hrange=0
shortcut-200 reversed actual=640x520 Hrange=0
shortcut-200 error actual=640x520 Hrange=0
shortcut-200 draft wide actual=1000x640 Hrange=0
shortcut-200 draft actual=640x520 Hrange=0
shortcut-help-200 narrow actual=640x520 Hrange=0
shortcut-help-200 wide actual=1000x640 Hrange=0
shortcut-help-200 reversed actual=640x520 Hrange=0
cloud-invalid-200 narrow actual=640x520 Hrange=0
cloud-invalid-200 wide actual=1000x640 Hrange=0
cloud-invalid-200 reversed actual=640x520 Hrange=0
storage-invalid-200 narrow actual=640x520 Hrange=0
storage-invalid-200 wide actual=1000x640 Hrange=0
storage-invalid-200 reversed actual=640x520 Hrange=0
Decision forms verified main states=404 modal contexts=83 confirmations=20 across seven scales
