z:\cpp\jobskill\build-gui\jobskillgui.dir\release\imgui_impl_opengl2.obj
z:\cpp\jobskill\build-gui\jobskillgui.dir\release\imgui_impl_glfw.obj
z:\cpp\jobskill\build-gui\jobskillgui.dir\release\imgui_demo.obj
z:\cpp\jobskill\build-gui\jobskillgui.dir\release\imgui_widgets.obj
z:\cpp\jobskill\build-gui\jobskillgui.dir\release\imgui_tables.obj
z:\cpp\jobskill\build-gui\jobskillgui.dir\release\imgui_draw.obj
z:\cpp\jobskill\build-gui\jobskillgui.dir\release\imgui.obj
z:\cpp\jobskill\build-gui\jobskillgui.dir\release\gameplayconfig.obj
z:\cpp\jobskill\build-gui\jobskillgui.dir\release\apputils.obj
z:\cpp\jobskill\build-gui\jobskillgui.dir\release\skillcatalog.obj
z:\cpp\jobskill\build-gui\jobskillgui.dir\release\filestorage.obj
z:\cpp\jobskill\build-gui\jobskillgui.dir\release\profile.obj
z:\cpp\jobskill\build-gui\jobskillgui.dir\release\skill.obj
z:\cpp\jobskill\build-gui\jobskillgui.dir\release\guiapp.obj
z:\cpp\jobskill\build-gui\cmakefiles\generate.stamp
z:\cpp\jobskill\build-gui\release\jobskillgui.exe
z:\cpp\jobskill\build-gui\jobskillgui.dir\release\jobskillgui.tlog\cl.command.1.tlog
z:\cpp\jobskill\build-gui\jobskillgui.dir\release\jobskillgui.tlog\cl.items.tlog
z:\cpp\jobskill\build-gui\jobskillgui.dir\release\jobskillgui.tlog\cl.read.1.tlog
z:\cpp\jobskill\build-gui\jobskillgui.dir\release\jobskillgui.tlog\cl.write.1.tlog
z:\cpp\jobskill\build-gui\jobskillgui.dir\release\jobskillgui.tlog\custombuild.command.1.tlog
z:\cpp\jobskill\build-gui\jobskillgui.dir\release\jobskillgui.tlog\custombuild.read.1.tlog
z:\cpp\jobskill\build-gui\jobskillgui.dir\release\jobskillgui.tlog\custombuild.write.1.tlog
z:\cpp\jobskill\build-gui\jobskillgui.dir\release\jobskillgui.tlog\link.command.1.tlog
z:\cpp\jobskill\build-gui\jobskillgui.dir\release\jobskillgui.tlog\link.read.1.tlog
z:\cpp\jobskill\build-gui\jobskillgui.dir\release\jobskillgui.tlog\link.secondary.1.tlog
z:\cpp\jobskill\build-gui\jobskillgui.dir\release\jobskillgui.tlog\link.write.1.tlog
